수집 완료: 모델 1개 → results/summary.csv, README.md
  gaiel-1.5b: 11개 태스크
11:43:17 푸시 완료 (모델 2개)
수집 완료: 모델 1개 → results/summary.csv, README.md
  gaiel-1.5b: 11개 태스크
11:53:18 푸시 완료 (모델 2개)
수집 완료: 모델 1개 → results/summary.csv, README.md
  gaiel-1.5b: 11개 태스크
12:03:20 푸시 완료 (모델 2개)
수집 완료: 모델 1개 → results/summary.csv, README.md
  gaiel-1.5b: 11개 태스크
12:13:22 푸시 완료 (모델 2개)
수집 완료: 모델 1개 → results/summary.csv, README.md
  gaiel-1.5b: 11개 태스크
12:23:24 푸시 완료 (모델 2개)
수집 완료: 모델 1개 → results/summary.csv, README.md
  gaiel-1.5b: 11개 태스크
12:33:26 푸시 완료 (모델 2개)
수집 완료: 모델 1개 → results/summary.csv, README.md
  gaiel-1.5b: 11개 태스크
12:43:28 푸시 완료 (모델 2개)
수집 완료: 모델 4개 → results/summary.csv, README.md
  base-1.5b: 13개 태스크
  base-7b: 13개 태스크
  base-coder-1.5b: 13개 태스크
  base-coder-7b: 2개 태스크
